============================= test session starts =============================
platform win32 -- Python 3.12.3, pytest-9.0.2, pluggy-1.6.0 -- C:\Users\kaneko yu\Documents\jarvis-work\jarvis-ml-pipeline\.venv\Scripts\python.exe
cachedir: .pytest_cache
rootdir: C:\Users\kaneko yu\Documents\jarvis-work\jarvis-ml-pipeline
configfile: pytest.ini (WARNING: ignoring pytest config in pyproject.toml!)
plugins: anyio-4.11.0, cov-7.0.0
collecting ... collected 61 items / 1 error

============================== warnings summary ===============================
jarvis_core\scheduler\schema.py:20
  C:\Users\kaneko yu\Documents\jarvis-work\jarvis-ml-pipeline\jarvis_core\scheduler\schema.py:20: PydanticDeprecatedSince20: Pydantic V1 style `@validator` validators are deprecated. You should migrate to Pydantic V2 style `@field_validator` validators, see the migration guide for more details. Deprecated in Pydantic V2.0 to be removed in V3.0. See Pydantic V2 Migration Guide at https://errors.pydantic.dev/2.12/migration/
    @validator("oa_policy")

-- Docs: https://docs.pytest.org/en/stable/how-to/capture-warnings.html
=========================== short test summary info ===========================
ERROR tests/test_api_map_vs_capabilities.py
!!!!!!!!!!!!!!!!!!!!!!!!!! stopping after 1 failures !!!!!!!!!!!!!!!!!!!!!!!!!!
========================= 1 warning, 1 error in 1.03s =========================
