============================= test session starts =============================
platform win32 -- Python 3.12.3, pytest-9.0.2, pluggy-1.6.0 -- C:\Users\kaneko yu\Documents\jarvis-work\jarvis-ml-pipeline\.venv\Scripts\python.exe
cachedir: .pytest_cache
rootdir: C:\Users\kaneko yu\Documents\jarvis-work\jarvis-ml-pipeline
configfile: pytest.ini (WARNING: ignoring pytest config in pyproject.toml!)
plugins: asyncio-1.3.0, base-url-2.1.0, cov-7.0.0, playwright-0.7.2, xdist-3.8.0
asyncio: mode=Mode.STRICT, debug=False, asyncio_default_fixture_loop_scope=None, asyncio_default_test_loop_scope=function
collecting ... collected 6864 items / 6436 deselected / 1 skipped / 428 selected

tests/test_cov85_analysis_knowledge_graph.py::test_knowledge_graph_add_link_neighbors_and_stats PASSED [  0%]
tests/test_cov85_analysis_knowledge_graph.py::test_knowledge_graph_subgraph_save_load_and_networkx PASSED [  0%]
tests/test_cov85_autonomous_loop.py::test_run_autonomous_research_loop_no_input PASSED [  0%]
tests/test_cov85_autonomous_loop.py::test_run_autonomous_research_loop_convergence_and_summary PASSED [  0%]
tests/test_cov85_autonomous_loop.py::test_run_autonomous_research_loop_multiple_iterations_and_interventions PASSED [  1%]
tests/test_cov85_autonomous_loop.py::test_get_intervention_summary_empty PASSED [  1%]
tests/test_cov85_browser_agents_pdf_download.py::test_download_success_and_failure PASSED [  1%]
tests/test_cov85_browser_agents_pdf_download.py::test_find_pdf_link_prefers_unpaywall_for_doi PASSED [  1%]
tests/test_cov85_browser_agents_pdf_download.py::test_find_pdf_link_fallback_to_html_and_helpers PASSED [  2%]
tests/test_cov85_browser_agents_pdf_download.py::test_fetch_unpaywall_link_and_non200 PASSED [  2%]
tests/test_cov85_browser_subagent.py::TestBrowserSubagentInit::test_defaults PASSED [  2%]
tests/test_cov85_browser_subagent.py::TestBrowserSubagentInit::test_custom PASSED [  2%]
tests/test_cov85_browser_subagent.py::TestNavigate::test_url_blocked PASSED [  3%]
tests/test_cov85_browser_subagent.py::TestNavigate::test_success PASSED  [  3%]
tests/test_cov85_browser_subagent.py::TestNavigate::test_timeout PASSED  [  3%]
tests/test_cov85_browser_subagent.py::TestClick::test_success PASSED     [  3%]
tests/test_cov85_browser_subagent.py::TestClick::test_timeout PASSED     [  3%]
tests/test_cov85_browser_subagent.py::TestTypeText::test_success PASSED  [  4%]
tests/test_cov85_browser_subagent.py::TestTypeText::test_timeout PASSED  [  4%]
tests/test_cov85_browser_subagent.py::TestScreenshot::test_success PASSED [  4%]
tests/test_cov85_browser_subagent.py::TestScreenshot::test_timeout PASSED [  4%]
tests/test_cov85_browser_subagent.py::TestExtractText::test_element_found PASSED [  5%]
tests/test_cov85_browser_subagent.py::TestExtractText::test_element_not_found PASSED [  5%]
tests/test_cov85_browser_subagent.py::TestExtractText::test_timeout PASSED [  5%]
tests/test_cov85_browser_subagent.py::TestCloseAndRecording::test_close_no_session PASSED [  5%]
tests/test_cov85_browser_subagent.py::TestCloseAndRecording::test_close_with_session PASSED [  6%]
tests/test_cov85_browser_subagent.py::TestCloseAndRecording::test_start_recording PASSED [  6%]
tests/test_cov85_browser_subagent.py::TestCloseAndRecording::test_stop_recording_no_recorder PASSED [  6%]
tests/test_cov85_browser_subagent.py::TestCloseAndRecording::test_stop_recording_with_recorder PASSED [  6%]
tests/test_cov85_browser_subagent.py::TestEnsureInitialized::test_raises_when_not_initialized PASSED [  7%]
tests/test_cov85_browser_subagent.py::TestEnsureInitialized::test_passes_when_initialized PASSED [  7%]
tests/test_cov85_browser_subagent.py::TestCaptureRecordingFrame::test_no_recorder PASSED [  7%]
tests/test_cov85_browser_subagent.py::TestCaptureRecordingFrame::test_recorder_not_active PASSED [  7%]
tests/test_cov85_browser_subagent.py::TestCaptureRecordingFrame::test_recorder_active_captures PASSED [  7%]
tests/test_cov85_browser_subagent.py::TestHelpers::test_result PASSED    [  8%]
tests/test_cov85_browser_subagent.py::TestHelpers::test_elapsed_ms PASSED [  8%]
tests/test_cov85_browser_subagent.py::TestHelpers::test_timeout_message PASSED [  8%]
tests/test_cov85_browser_subagent.py::TestHelpers::test_load_async_playwright_missing PASSED [  8%]
tests/test_cov85_collaboration_comments.py::test_comment_store_add_list_and_mentions PASSED [  9%]
tests/test_cov85_collaboration_comments.py::test_comment_store_resolve_and_missing_artifact PASSED [  9%]
tests/test_cov85_collaboration_versioning.py::test_version_history_save_list_restore_and_hash PASSED [  9%]
tests/test_cov85_collaboration_versioning.py::test_version_history_restore_and_diff_errors_and_success PASSED [  9%]
tests/test_cov85_contradiction_semantic_detector.py::test_embedder_falls_back_to_simple_on_import_error PASSED [ 10%]
tests/test_cov85_contradiction_semantic_detector.py::test_embedder_uses_sentence_transformer_when_available PASSED [ 10%]
tests/test_cov85_contradiction_semantic_detector.py::test_detect_returns_none_when_similarity_below_threshold PASSED [ 10%]
tests/test_cov85_contradiction_semantic_detector.py::test_detect_returns_direct_when_negation_is_similar PASSED [ 10%]
tests/test_cov85_contradiction_semantic_detector.py::test_detect_returns_partial_when_partial_score_high PASSED [ 10%]
tests/test_cov85_contradiction_semantic_detector.py::test_detect_returns_none_after_high_similarity_when_no_contradiction PASSED [ 11%]
tests/test_cov85_contradiction_semantic_detector.py::test_detect_batch_collects_only_contradictory_pairs PASSED [ 11%]
tests/test_cov85_contradiction_semantic_detector.py::test_internal_helpers_and_simple_embedder PASSED [ 11%]
tests/test_cov85_contradiction_semantic_detector.py::test_convenience_wrapper_detect_semantic_contradiction PASSED [ 11%]
tests/test_cov85_devtools_ci.py::test_run_test_commands_build_correct_args PASSED [ 12%]
tests/test_cov85_devtools_ci.py::test_check_imports_success_and_failure PASSED [ 12%]
tests/test_cov85_devtools_ci.py::test_main_command_routes PASSED         [ 12%]
tests/test_cov85_eval_regression.py::test_prompt_regression_set_and_check_degradation_and_improvement PASSED [ 12%]
tests/test_cov85_eval_regression.py::test_prompt_regression_no_baseline_and_check_all PASSED [ 13%]
tests/test_cov85_eval_regression.py::test_create_baseline_scores_and_load_failure_and_helper PASSED [ 13%]
tests/test_cov85_evaluation_gates.py::TestQualityGateResult::test_basic PASSED [ 13%]
tests/test_cov85_evaluation_gates.py::TestQualityReport::test_to_dict PASSED [ 13%]
tests/test_cov85_evaluation_gates.py::TestQualityGates::test_init_defaults PASSED [ 14%]
tests/test_cov85_evaluation_gates.py::TestQualityGates::test_init_custom PASSED [ 14%]
tests/test_cov85_evaluation_gates.py::TestQualityGates::test_split_claims_by_type PASSED [ 14%]
tests/test_cov85_evaluation_gates.py::TestQualityGates::test_check_provenance_no_claims PASSED [ 14%]
tests/test_cov85_evaluation_gates.py::TestQualityGates::test_check_provenance_all_evidenced PASSED [ 14%]
tests/test_cov85_evaluation_gates.py::TestQualityGates::test_check_provenance_some_missing PASSED [ 15%]
tests/test_cov85_evaluation_gates.py::TestQualityGates::test_check_provenance_log_excluded PASSED [ 15%]
tests/test_cov85_evaluation_gates.py::TestQualityGates::test_check_fact_provenance_no_facts PASSED [ 15%]
tests/test_cov85_evaluation_gates.py::TestQualityGates::test_check_fact_provenance_pass PASSED [ 15%]
tests/test_cov85_evaluation_gates.py::TestQualityGates::test_check_fact_provenance_fail PASSED [ 16%]
tests/test_cov85_evaluation_gates.py::TestQualityGates::test_check_facts_without_evidence PASSED [ 16%]
tests/test_cov85_evaluation_gates.py::TestQualityGates::test_check_facts_without_evidence_ok PASSED [ 16%]
tests/test_cov85_evaluation_gates.py::TestQualityGates::test_check_hypothesis_in_conclusion_no_ids PASSED [ 16%]
tests/test_cov85_evaluation_gates.py::TestQualityGates::test_check_hypothesis_in_conclusion_found PASSED [ 17%]
tests/test_cov85_evaluation_gates.py::TestQualityGates::test_check_hypothesis_in_conclusion_not_found PASSED [ 17%]
tests/test_cov85_evaluation_gates.py::TestQualityGates::test_check_evidence_span_validity_no_evaluable PASSED [ 17%]
tests/test_cov85_evaluation_gates.py::TestQualityGates::test_check_evidence_span_validity_with_claims PASSED [ 17%]
tests/test_cov85_evaluation_gates.py::TestQualityGates::test_check_pipeline_completion_pass PASSED [ 17%]
tests/test_cov85_evaluation_gates.py::TestQualityGates::test_check_pipeline_completion_fail PASSED [ 18%]
tests/test_cov85_evaluation_gates.py::TestQualityGates::test_check_pipeline_completion_zero PASSED [ 18%]
tests/test_cov85_evaluation_gates.py::TestQualityGates::test_check_reproducibility_no_baseline PASSED [ 18%]
tests/test_cov85_evaluation_gates.py::TestQualityGates::test_check_reproducibility_pass PASSED [ 18%]
tests/test_cov85_evaluation_gates.py::TestQualityGates::test_check_reproducibility_fail PASSED [ 19%]
tests/test_cov85_evaluation_gates.py::TestQualityGates::test_run_all_all_pass PASSED [ 19%]
tests/test_cov85_evaluation_gates.py::TestQualityGates::test_run_all_with_reproducibility PASSED [ 19%]
tests/test_cov85_evaluation_gates.py::TestQualityGates::test_run_all_failed_gate_gives_recommendation PASSED [ 19%]
tests/test_cov85_evaluation_gates.py::TestQualityGates::test_run_all_no_evidence_spans PASSED [ 20%]
tests/test_cov85_evaluation_gates.py::TestQualityGates::test_get_recommendation PASSED [ 20%]
tests/test_cov85_evaluation_gates.py::TestGetQualityGates::test_factory PASSED [ 20%]
tests/test_cov85_evaluation_gates.py::TestGetQualityGates::test_factory_with_thresholds PASSED [ 20%]
tests/test_cov85_evidence_ensemble.py::TestEnsembleConfig::test_defaults PASSED [ 21%]
tests/test_cov85_evidence_ensemble.py::TestEnsembleConfig::test_custom PASSED [ 21%]
tests/test_cov85_evidence_ensemble.py::TestEnsembleClassifier::test_no_llm PASSED [ 21%]
tests/test_cov85_evidence_ensemble.py::TestEnsembleClassifier::test_classify_rule_only PASSED [ 21%]
tests/test_cov85_evidence_ensemble.py::TestEnsembleClassifier::test_classify_llm_failure PASSED [ 21%]
tests/test_cov85_evidence_ensemble.py::TestCombineResults::test_no_llm_grade PASSED [ 22%]
tests/test_cov85_evidence_ensemble.py::TestCombineResults::test_llm_unknown PASSED [ 22%]
tests/test_cov85_evidence_ensemble.py::TestCombineResults::test_rule_unknown PASSED [ 22%]
tests/test_cov85_evidence_ensemble.py::TestWeightedAverage::test_rule_higher PASSED [ 22%]
tests/test_cov85_evidence_ensemble.py::TestWeightedAverage::test_llm_higher PASSED [ 23%]
tests/test_cov85_evidence_ensemble.py::TestVoting::test_agreement PASSED [ 23%]
tests/test_cov85_evidence_ensemble.py::TestVoting::test_disagreement_rule_higher PASSED [ 23%]
tests/test_cov85_evidence_ensemble.py::TestVoting::test_disagreement_llm_higher PASSED [ 23%]
tests/test_cov85_evidence_ensemble.py::TestConfidenceBased::test_rule_higher PASSED [ 24%]
tests/test_cov85_evidence_ensemble.py::TestConfidenceBased::test_llm_higher PASSED [ 24%]
tests/test_cov85_evidence_ensemble.py::TestRuleFirst::test_rule_confident PASSED [ 24%]
tests/test_cov85_evidence_ensemble.py::TestRuleFirst::test_rule_low_confidence PASSED [ 24%]
tests/test_cov85_evidence_ensemble.py::TestLLMFirst::test_llm_confident PASSED [ 25%]
tests/test_cov85_evidence_ensemble.py::TestLLMFirst::test_llm_low_confidence PASSED [ 25%]
tests/test_cov85_evidence_ensemble.py::TestLevelScore::test_all_levels PASSED [ 25%]
tests/test_cov85_evidence_ensemble.py::TestGradeEvidence::test_no_llm PASSED [ 25%]
tests/test_cov85_evidence_ensemble.py::TestGradeEvidence::test_with_strategy PASSED [ 25%]
tests/test_cov85_evidence_llm_classifier.py::TestLLMConfig::test_defaults PASSED [ 26%]
tests/test_cov85_evidence_llm_classifier.py::TestLLMConfig::test_custom PASSED [ 26%]
tests/test_cov85_evidence_llm_classifier.py::TestLLMBasedClassifier::test_init_default PASSED [ 26%]
tests/test_cov85_evidence_llm_classifier.py::TestLLMBasedClassifier::test_init_custom_config PASSED [ 26%]
tests/test_cov85_evidence_llm_classifier.py::TestLLMBasedClassifier::test_classify_fallback PASSED [ 27%]
tests/test_cov85_evidence_llm_classifier.py::TestLLMBasedClassifier::test_classify_with_llm PASSED [ 27%]
tests/test_cov85_evidence_llm_classifier.py::TestLLMBasedClassifier::test_classify_empty_input PASSED [ 27%]
tests/test_cov85_evidence_llm_classifier.py::TestLLMBasedClassifier::test_classify_llm_error PASSED [ 27%]
tests/test_cov85_evidence_llm_classifier.py::TestLLMBasedClassifier::test_parse_response_valid_json PASSED [ 28%]
tests/test_cov85_evidence_llm_classifier.py::TestLLMBasedClassifier::test_parse_response_invalid_json PASSED [ 28%]
tests/test_cov85_evidence_llm_classifier.py::TestLLMBasedClassifier::test_parse_response_code_block PASSED [ 28%]
tests/test_cov85_evidence_llm_classifier.py::TestLLMBasedClassifier::test_extract_json_found PASSED [ 28%]
tests/test_cov85_evidence_llm_classifier.py::TestLLMBasedClassifier::test_extract_json_not_found PASSED [ 28%]
tests/test_cov85_evidence_llm_classifier.py::TestLLMBasedClassifier::test_parse_evidence_level FAILED [ 29%]
tests/test_cov85_evidence_llm_classifier.py::TestLLMBasedClassifier::test_parse_study_type PASSED [ 29%]
tests/test_cov85_evidence_llm_classifier.py::TestLLMBasedClassifier::test_extract_pico_with_llm PASSED [ 29%]
tests/test_cov85_evidence_llm_classifier.py::TestLLMBasedClassifier::test_extract_pico_fallback PASSED [ 29%]
tests/test_cov85_evidence_llm_classifier.py::TestLLMBasedClassifier::test_extract_pico_error PASSED [ 30%]
tests/test_cov85_evidence_llm_classifier.py::TestLLMBasedClassifier::test_extract_pico_empty PASSED [ 30%]
tests/test_cov85_evidence_locator_verify.py::test_levenshtein_ratio_edge_cases PASSED [ 30%]
tests/test_cov85_evidence_locator_verify.py::test_extract_text_from_pdf_placeholder_returns_empty PASSED [ 30%]
tests/test_cov85_evidence_locator_verify.py::test_verify_locator_error_paths PASSED [ 31%]
tests/test_cov85_evidence_locator_verify.py::test_verify_locator_success_and_low_similarity PASSED [ 31%]
tests/test_cov85_evidence_locator_verify.py::test_verify_locator_extraction_exception PASSED [ 31%]
tests/test_cov85_evidence_locator_verify.py::test_verify_all_evidence_counts_invalid_ids PASSED [ 31%]
tests/test_cov85_evidence_rule_classifier.py::TestClassificationPattern::test_fields PASSED [ 32%]
tests/test_cov85_evidence_rule_classifier.py::TestRuleBasedClassifier::test_init PASSED [ 32%]
tests/test_cov85_evidence_rule_classifier.py::TestRuleBasedClassifier::test_classify_rct PASSED [ 32%]
tests/test_cov85_evidence_rule_classifier.py::TestRuleBasedClassifier::test_classify_systematic_review PASSED [ 32%]
tests/test_cov85_evidence_rule_classifier.py::TestRuleBasedClassifier::test_classify_cohort PASSED [ 32%]
tests/test_cov85_evidence_rule_classifier.py::TestRuleBasedClassifier::test_classify_case_control PASSED [ 33%]
tests/test_cov85_evidence_rule_classifier.py::TestRuleBasedClassifier::test_classify_case_report PASSED [ 33%]
tests/test_cov85_evidence_rule_classifier.py::TestRuleBasedClassifier::test_classify_expert_opinion PASSED [ 33%]
tests/test_cov85_evidence_rule_classifier.py::TestRuleBasedClassifier::test_classify_empty PASSED [ 33%]
tests/test_cov85_evidence_rule_classifier.py::TestRuleBasedClassifier::test_classify_with_full_text PASSED [ 34%]
tests/test_cov85_evidence_rule_classifier.py::TestRuleBasedClassifier::test_extract_sample_size PASSED [ 34%]
tests/test_cov85_evidence_rule_classifier.py::TestRuleBasedClassifier::test_extract_sample_size_alt PASSED [ 34%]
tests/test_cov85_evidence_rule_classifier.py::TestRuleBasedClassifier::test_extract_sample_size_none PASSED [ 34%]
tests/test_cov85_evidence_rule_classifier.py::TestRuleBasedClassifier::test_extract_pico PASSED [ 35%]
tests/test_cov85_evidence_rule_classifier.py::TestRuleBasedClassifier::test_extract_population PASSED [ 35%]
tests/test_cov85_evidence_rule_classifier.py::TestRuleBasedClassifier::test_extract_intervention PASSED [ 35%]
tests/test_cov85_evidence_rule_classifier.py::TestRuleBasedClassifier::test_extract_comparator PASSED [ 35%]
tests/test_cov85_evidence_rule_classifier.py::TestRuleBasedClassifier::test_extract_outcome PASSED [ 35%]
tests/test_cov85_export_pptx_builder.py::test_evidence_footer_text_handles_missing_and_present_claim PASSED [ 36%]
tests/test_cov85_export_pptx_builder.py::test_build_pptx_raises_when_pptx_unavailable PASSED [ 36%]
tests/test_cov85_export_pptx_builder.py::test_build_pptx_from_slides_with_fake_presentation PASSED [ 36%]
tests/test_cov85_index_builder.py::TestBuildIndex::test_pubmed_no_query PASSED [ 36%]
tests/test_cov85_index_builder.py::TestBuildIndex::test_pubmed_with_query PASSED [ 37%]
tests/test_cov85_index_builder.py::TestBuildIndex::test_local_pdf PASSED [ 37%]
tests/test_cov85_index_builder.py::TestBuildIndex::test_local_pdf_nonexistent_dir PASSED [ 37%]
tests/test_cov85_index_builder.py::TestBuildIndex::test_catastrophic_failure PASSED [ 37%]
tests/test_cov85_intelligence_action_planner.py::test_action_planner_classification_and_sorting PASSED [ 38%]
tests/test_cov85_intelligence_action_planner.py::test_action_item_to_dict_and_markdown_output PASSED [ 38%]
tests/test_cov85_intelligence_action_planner.py::test_empty_action_plan_markdown PASSED [ 38%]
tests/test_cov85_intelligence_research_partner.py::test_output_to_markdown_with_all_sections PASSED [ 38%]
tests/test_cov85_intelligence_research_partner.py::test_output_to_markdown_minimal PASSED [ 39%]
tests/test_cov85_intelligence_research_partner.py::test_consult_orchestrates_all_phases PASSED [ 39%]
tests/test_cov85_intelligence_research_partner.py::test_reference_past_decisions_limits_and_filters PASSED [ 39%]
tests/test_cov85_intelligence_research_partner.py::test_assess_strategy_branches[past0-StrategicAssessment.HOLD] PASSED [ 39%]
tests/test_cov85_intelligence_research_partner.py::test_assess_strategy_branches[past1-StrategicAssessment.HOLD] PASSED [ 39%]
tests/test_cov85_intelligence_research_partner.py::test_assess_strategy_branches[past2-StrategicAssessment.GO] PASSED [ 40%]
tests/test_cov85_intelligence_research_partner.py::test_generate_key_questions_and_action_plan PASSED [ 40%]
tests/test_cov85_intelligence_research_partner.py::test_suggest_improvements_branching PASSED [ 40%]
tests/test_cov85_iter_phase8_features.py::test_entity_normalizer_handles_canonical_synonym_and_fallback PASSED [ 40%]
tests/test_cov85_iter_phase8_features.py::test_uncertainty_calibrator_detects_hedges_negation_and_clamps PASSED [ 41%]
tests/test_cov85_iter_phase8_features.py::test_performance_observer_persists_jsonl PASSED [ 41%]
tests/test_cov85_iter_phase8_features.py::test_figure_first_summarizer_limits_figures_and_claims PASSED [ 41%]
tests/test_cov85_iter_phase8_features.py::test_multi_step_reasoner_creates_steps_for_each_evidence PASSED [ 41%]
tests/test_cov85_iter_phase8_features.py::test_experiment_proposer_uses_limit_and_templates PASSED [ 42%]
tests/test_cov85_iter_phase8_features.py::test_obsidian_exporter_creates_markdown_note PASSED [ 42%]
tests/test_cov85_iter_phase8_features.py::test_final_resilience_checker_and_wrapper PASSED [ 42%]
tests/test_cov85_iter_phase8_features.py::test_convenience_wrappers_delegate PASSED [ 42%]
tests/test_cov85_llm_ollama_adapter.py::TestOllamaConfig::test_defaults PASSED [ 42%]
tests/test_cov85_llm_ollama_adapter.py::TestOllamaConfig::test_custom PASSED [ 43%]
tests/test_cov85_llm_ollama_adapter.py::TestOllamaAdapterInit::test_default_config PASSED [ 43%]
tests/test_cov85_llm_ollama_adapter.py::TestOllamaAdapterInit::test_custom_config PASSED [ 43%]
tests/test_cov85_llm_ollama_adapter.py::TestIsAvailable::test_available PASSED [ 43%]
tests/test_cov85_llm_ollama_adapter.py::TestIsAvailable::test_unavailable PASSED [ 44%]
tests/test_cov85_llm_ollama_adapter.py::TestIsAvailable::test_bad_status PASSED [ 44%]
tests/test_cov85_llm_ollama_adapter.py::TestListModels::test_unavailable PASSED [ 44%]
tests/test_cov85_llm_ollama_adapter.py::TestListModels::test_success PASSED [ 44%]
tests/test_cov85_llm_ollama_adapter.py::TestListModels::test_error PASSED [ 45%]
tests/test_cov85_llm_ollama_adapter.py::TestGenerate::test_success PASSED [ 45%]
tests/test_cov85_llm_ollama_adapter.py::TestGenerate::test_custom_model PASSED [ 45%]
tests/test_cov85_llm_ollama_adapter.py::TestGenerate::test_error PASSED  [ 45%]
tests/test_cov85_llm_ollama_adapter.py::TestGenerateStream::test_success PASSED [ 46%]
tests/test_cov85_llm_ollama_adapter.py::TestGenerateStream::test_error PASSED [ 46%]
tests/test_cov85_llm_ollama_adapter.py::TestChat::test_success PASSED    [ 46%]
tests/test_cov85_llm_ollama_adapter.py::TestChat::test_error PASSED      [ 46%]
tests/test_cov85_llm_ollama_adapter.py::TestChatStream::test_success PASSED [ 46%]
tests/test_cov85_llm_ollama_adapter.py::TestChatStream::test_error PASSED [ 47%]
tests/test_cov85_llm_ollama_adapter.py::TestEmbeddings::test_success PASSED [ 47%]
tests/test_cov85_llm_ollama_adapter.py::TestEmbeddings::test_error PASSED [ 47%]
tests/test_cov85_llm_ollama_adapter.py::TestGetOllamaAdapter::test_singleton PASSED [ 47%]
tests/test_cov85_metadata_normalize.py::test_normalize_helpers_and_record PASSED [ 48%]
tests/test_cov85_metadata_normalize.py::test_audit_records_flags_conflict_and_summary PASSED [ 48%]
tests/test_cov85_multimodal_multilang.py::test_detect_language_heuristics PASSED [ 48%]
tests/test_cov85_multimodal_multilang.py::test_translate_paths_with_and_without_translator PASSED [ 48%]
tests/test_cov85_multimodal_multilang.py::test_process_paper_and_cross_language_search PASSED [ 49%]
tests/test_cov85_notebooklm_podcast_prompt.py::test_claim_lines_with_and_without_evidence PASSED [ 49%]
tests/test_cov85_notebooklm_podcast_prompt.py::test_prompt_builders_include_core_fields PASSED [ 49%]
tests/test_cov85_notebooklm_podcast_prompt.py::test_generate_notebooklm_outputs_raises_on_missing_run_dir PASSED [ 49%]
tests/test_cov85_notebooklm_podcast_prompt.py::test_generate_notebooklm_outputs_writes_files_and_fallbacks PASSED [ 50%]
tests/test_cov85_notes_note_generator.py::TestHelperFunctions::test_load_json_missing PASSED [ 50%]
tests/test_cov85_notes_note_generator.py::TestHelperFunctions::test_load_json_exists PASSED [ 50%]
tests/test_cov85_notes_note_generator.py::TestHelperFunctions::test_load_jsonl_missing PASSED [ 50%]
tests/test_cov85_notes_note_generator.py::TestHelperFunctions::test_load_jsonl_exists PASSED [ 50%]
tests/test_cov85_notes_note_generator.py::TestHelperFunctions::test_safe_filename PASSED [ 51%]
tests/test_cov85_notes_note_generator.py::TestHelperFunctions::test_slug PASSED [ 51%]
tests/test_cov85_notes_note_generator.py::TestHelperFunctions::test_extract_locator_full PASSED [ 51%]
tests/test_cov85_notes_note_generator.py::TestHelperFunctions::test_extract_locator_fallback_keys PASSED [ 51%]
tests/test_cov85_notes_note_generator.py::TestHelperFunctions::test_extract_locator_empty PASSED [ 52%]
tests/test_cov85_notes_note_generator.py::TestHelperFunctions::test_format_locator PASSED [ 52%]
tests/test_cov85_notes_note_generator.py::TestHelperFunctions::test_format_locator_empty PASSED [ 52%]
tests/test_cov85_notes_note_generator.py::TestHelperFunctions::test_ensure_length_truncate PASSED [ 52%]
tests/test_cov85_notes_note_generator.py::TestHelperFunctions::test_ensure_length_pad PASSED [ 53%]
tests/test_cov85_notes_note_generator.py::TestHelperFunctions::test_ensure_length_ok PASSED [ 53%]
tests/test_cov85_notes_note_generator.py::TestHelperFunctions::test_build_tldr_with_claims PASSED [ 53%]
tests/test_cov85_notes_note_generator.py::TestHelperFunctions::test_build_tldr_no_claims PASSED [ 53%]
tests/test_cov85_notes_note_generator.py::TestHelperFunctions::test_build_snapshot_with_value PASSED [ 53%]
tests/test_cov85_notes_note_generator.py::TestHelperFunctions::test_build_snapshot_fallback PASSED [ 54%]
tests/test_cov85_notes_note_generator.py::TestHelperFunctions::test_build_snapshot_empty_string PASSED [ 54%]
tests/test_cov85_notes_note_generator.py::TestHelperFunctions::test_build_limitations_with_value PASSED [ 54%]
tests/test_cov85_notes_note_generator.py::TestHelperFunctions::test_build_limitations_without PASSED [ 54%]
tests/test_cov85_notes_note_generator.py::TestHelperFunctions::test_build_why_it_matters PASSED [ 55%]
tests/test_cov85_notes_note_generator.py::TestHelperFunctions::test_build_why_it_matters_no_domain PASSED [ 55%]
tests/test_cov85_notes_note_generator.py::TestHelperFunctions::test_group_by_key PASSED [ 55%]
tests/test_cov85_notes_note_generator.py::TestHelperFunctions::test_group_by_key_missing PASSED [ 55%]
tests/test_cov85_notes_note_generator.py::TestScoreAndRanking::test_score_from_scores_rankings_list PASSED [ 56%]
tests/test_cov85_notes_note_generator.py::TestScoreAndRanking::test_score_from_scores_papers_dict PASSED [ 56%]
tests/test_cov85_notes_note_generator.py::TestScoreAndRanking::test_score_from_scores_empty PASSED [ 56%]
tests/test_cov85_notes_note_generator.py::TestScoreAndRanking::test_compute_rankings PASSED [ 56%]
tests/test_cov85_notes_note_generator.py::TestScoreAndRanking::test_compute_rankings_no_scores PASSED [ 57%]
tests/test_cov85_notes_note_generator.py::TestScoreAndRanking::test_assign_tiers_empty PASSED [ 57%]
tests/test_cov85_notes_note_generator.py::TestScoreAndRanking::test_assign_tiers_normal PASSED [ 57%]
tests/test_cov85_notes_note_generator.py::TestScoreAndRanking::test_assign_tiers_small PASSED [ 57%]
tests/test_cov85_notes_note_generator.py::TestBuildEvidenceAndClaims::test_build_evidence_map_with_evidence PASSED [ 57%]
tests/test_cov85_notes_note_generator.py::TestBuildEvidenceAndClaims::test_build_evidence_map_no_evidence PASSED [ 58%]
tests/test_cov85_notes_note_generator.py::TestBuildEvidenceAndClaims::test_build_evidence_map_bad_locator PASSED [ 58%]
tests/test_cov85_notes_note_generator.py::TestBuildEvidenceAndClaims::test_build_key_claims_nonempty PASSED [ 58%]
tests/test_cov85_notes_note_generator.py::TestBuildEvidenceAndClaims::test_build_key_claims_no_evidence PASSED [ 58%]
tests/test_cov85_notes_note_generator.py::TestBuildEvidenceAndClaims::test_build_key_claims_empty PASSED [ 59%]
tests/test_cov85_notes_note_generator.py::TestGenerateNotes::test_generate_notes_missing_dir PASSED [ 59%]
tests/test_cov85_notes_note_generator.py::TestGenerateNotes::test_generate_notes_full PASSED [ 59%]
tests/test_cov85_notes_note_generator.py::TestGenerateNotes::test_generate_notes_empty_data PASSED [ 59%]
tests/test_cov85_orchestrator_agents_browser.py::TestExtractUrl::test_with_url PASSED [ 60%]
tests/test_cov85_orchestrator_agents_browser.py::TestExtractUrl::test_without_url PASSED [ 60%]
tests/test_cov85_orchestrator_agents_browser.py::TestExtractUrl::test_http_url PASSED [ 60%]
tests/test_cov85_orchestrator_agents_browser.py::TestBrowserAgentExecute::test_no_url FAILED [ 60%]
tests/test_cov85_orchestrator_agents_browser.py::TestBrowserAgentExecute::test_with_url_success FAILED [ 60%]
tests/test_cov85_orchestrator_agents_browser.py::TestBrowserAgentExecute::test_with_url_no_screenshot FAILED [ 61%]
tests/test_cov85_orchestrator_agents_browser.py::TestBrowserAgentExecute::test_with_recorder_frames FAILED [ 61%]
tests/test_cov85_orchestrator_agents_synthesis.py::TestDataclasses::test_paper PASSED [ 61%]
tests/test_cov85_orchestrator_agents_synthesis.py::TestDataclasses::test_paper_defaults PASSED [ 61%]
tests/test_cov85_orchestrator_agents_synthesis.py::TestDataclasses::test_synthesis_report PASSED [ 62%]
tests/test_cov85_orchestrator_agents_synthesis.py::TestSynthesizeAgent::test_no_papers FAILED [ 62%]
tests/test_cov85_orchestrator_agents_synthesis.py::TestSynthesizeAgent::test_single_high_evidence_paper FAILED [ 62%]
tests/test_cov85_orchestrator_agents_synthesis.py::TestSynthesizeAgent::test_multiple_low_evidence_papers FAILED [ 62%]
tests/test_cov85_orchestrator_agents_synthesis.py::TestSynthesizeAgent::test_moderate_evidence FAILED [ 63%]
tests/test_cov85_orchestrator_agents_synthesis.py::TestSynthesizeAgent::test_contradictions_downgrade FAILED [ 63%]
tests/test_cov85_orchestrator_agents_synthesis.py::TestSynthesizeAgent::test_gaps_few_papers FAILED [ 63%]
tests/test_cov85_orchestrator_agents_synthesis.py::TestSynthesizeAgent::test_gaps_no_high_level FAILED [ 63%]
tests/test_cov85_pipelines_executor.py::test_parse_stages_and_pipeline_config_from_dict PASSED [ 64%]
tests/test_cov85_pipelines_executor.py::test_pipeline_config_from_yaml_success_and_importerror PASSED [ 64%]
tests/test_cov85_pipelines_executor.py::test_pipeline_run_success_and_summary PASSED [ 64%]
tests/test_cov85_pipelines_executor.py::test_pipeline_run_stage_failure_and_provenance_failure PASSED [ 64%]
tests/test_cov85_pipelines_executor.py::test_execute_stage_outputs_for_dict_and_errors PASSED [ 64%]
tests/test_cov85_provenance_linker.py::TestChunkInfo::test_fields PASSED [ 65%]
tests/test_cov85_provenance_linker.py::TestProvenanceLinker::test_init_defaults PASSED [ 65%]
tests/test_cov85_provenance_linker.py::TestProvenanceLinker::test_register_chunk PASSED [ 65%]
tests/test_cov85_provenance_linker.py::TestProvenanceLinker::test_register_chunk_auto_end PASSED [ 65%]
tests/test_cov85_provenance_linker.py::TestProvenanceLinker::test_register_chunks_from_document PASSED [ 66%]
tests/test_cov85_provenance_linker.py::TestProvenanceLinker::test_generate_chunk_id PASSED [ 66%]
tests/test_cov85_provenance_linker.py::TestProvenanceLinker::test_find_evidence_no_chunks PASSED [ 66%]
tests/test_cov85_provenance_linker.py::TestProvenanceLinker::test_find_evidence_match PASSED [ 66%]
tests/test_cov85_provenance_linker.py::TestProvenanceLinker::test_find_evidence_no_match PASSED [ 67%]
tests/test_cov85_provenance_linker.py::TestProvenanceLinker::test_find_evidence_empty_chunk PASSED [ 67%]
tests/test_cov85_provenance_linker.py::TestProvenanceLinker::test_tokenize PASSED [ 67%]
tests/test_cov85_provenance_linker.py::TestProvenanceLinker::test_find_span_exact_match PASSED [ 67%]
tests/test_cov85_provenance_linker.py::TestProvenanceLinker::test_find_span_partial_match PASSED [ 67%]
tests/test_cov85_provenance_linker.py::TestProvenanceLinker::test_find_span_no_match PASSED [ 68%]
tests/test_cov85_provenance_linker.py::TestProvenanceLinker::test_create_claim_auto_link PASSED [ 68%]
tests/test_cov85_provenance_linker.py::TestProvenanceLinker::test_create_claim_no_auto_link PASSED [ 68%]
tests/test_cov85_provenance_linker.py::TestProvenanceLinker::test_create_claim_strict_no_evidence PASSED [ 68%]
tests/test_cov85_provenance_linker.py::TestProvenanceLinker::test_create_claim_non_strict PASSED [ 69%]
tests/test_cov85_provenance_linker.py::TestProvenanceLinker::test_validate_claims_empty PASSED [ 69%]
tests/test_cov85_provenance_linker.py::TestProvenanceLinker::test_validate_claims_all_evidenced PASSED [ 69%]
tests/test_cov85_provenance_linker.py::TestProvenanceLinker::test_validate_claims_some_missing PASSED [ 69%]
tests/test_cov85_provenance_linker.py::TestProvenanceLinker::test_attach_evidence PASSED [ 70%]
tests/test_cov85_provenance_linker.py::TestProvenanceLinker::test_get_missing_evidence_claims PASSED [ 70%]
tests/test_cov85_provenance_linker.py::TestProvenanceValidator::test_validate_empty PASSED [ 70%]
tests/test_cov85_provenance_linker.py::TestProvenanceValidator::test_validate_all_evidenced PASSED [ 70%]
tests/test_cov85_provenance_linker.py::TestProvenanceValidator::test_validate_fact_without_evidence PASSED [ 71%]
tests/test_cov85_provenance_linker.py::TestProvenanceValidator::test_validate_hypothesis_without_evidence PASSED [ 71%]
tests/test_cov85_provenance_linker.py::TestFactoryFunctions::test_get_provenance_linker PASSED [ 71%]
tests/test_cov85_provenance_linker.py::TestFactoryFunctions::test_get_provenance_linker_non_strict PASSED [ 71%]
tests/test_cov85_provenance_linker.py::TestFactoryFunctions::test_get_provenance_validator PASSED [ 71%]
tests/test_cov85_provenance_linker.py::TestFactoryFunctions::test_get_provenance_validator_custom PASSED [ 72%]
tests/test_cov85_ranking_explainer.py::TestRankingExplanation::test_to_dict PASSED [ 72%]
tests/test_cov85_ranking_explainer.py::TestRankingExplanation::test_defaults PASSED [ 72%]
tests/test_cov85_ranking_explainer.py::TestExplainableRanker::test_explain_top_rank PASSED [ 72%]
tests/test_cov85_ranking_explainer.py::TestExplainableRanker::test_explain_mid_rank PASSED [ 73%]
tests/test_cov85_ranking_explainer.py::TestExplainableRanker::test_explain_low_rank PASSED [ 73%]
tests/test_cov85_ranking_explainer.py::TestExplainableRanker::test_explain_high_main_factor PASSED [ 73%]
tests/test_cov85_ranking_explainer.py::TestExplainableRanker::test_explain_moderate_main_factor PASSED [ 73%]
tests/test_cov85_ranking_explainer.py::TestExplainableRanker::test_explain_low_factor_improvement PASSED [ 74%]
tests/test_cov85_ranking_explainer.py::TestExplainableRanker::test_explain_no_factors PASSED [ 74%]
tests/test_cov85_ranking_explainer.py::TestExplainableRanker::test_explain_batch PASSED [ 74%]
tests/test_cov85_ranking_explainer.py::TestExplainableRanker::test_explain_batch_missing_keys PASSED [ 74%]
tests/test_cov85_ranking_explainer.py::TestExplainableRanker::test_generate_summary_empty PASSED [ 75%]
tests/test_cov85_ranking_explainer.py::TestExplainableRanker::test_generate_summary_normal PASSED [ 75%]
tests/test_cov85_ranking_explainer.py::TestExplainableRanker::test_custom_top_factors PASSED [ 75%]
tests/test_cov85_ranking_explainer.py::TestConvenienceFunction::test_explain_ranking PASSED [ 75%]
tests/test_cov85_repair_learner.py::test_repair_record_roundtrip PASSED  [ 75%]
tests/test_cov85_repair_learner.py::test_self_repair_learner_record_analyze_recommend_and_stats PASSED [ 76%]
tests/test_cov85_repair_learner.py::test_self_repair_learner_load_history_error_path PASSED [ 76%]
tests/test_cov85_rules_engine.py::test_rules_engine_load_context_and_list PASSED [ 76%]
tests/test_cov85_rules_engine.py::test_rules_engine_loaded_flag_prevents_reload PASSED [ 76%]
tests/test_cov85_runtime_escalation.py::test_load_policy_missing_file_uses_default PASSED [ 77%]
tests/test_cov85_runtime_escalation.py::test_should_escalate_multiple_conditions_and_metric_fallback PASSED [ 77%]
tests/test_cov85_runtime_escalation.py::test_execute_actions_unknown_type_and_get_escalator PASSED [ 77%]
tests/test_cov85_runtime_gpu.py::test_gpu_accelerator_cpu_defaults PASSED [ 77%]
tests/test_cov85_runtime_gpu.py::test_gpu_accelerator_gpu_listing_selection_and_batch PASSED [ 78%]
tests/test_cov85_runtime_gpu.py::test_gpu_embedder_and_embed_batch PASSED [ 78%]
tests/test_cov85_runtime_gpu.py::test_list_gpus_exception_path PASSED    [ 78%]
tests/test_cov85_scheduler_engine.py::TestParseDatetime::test_none PASSED [ 78%]
tests/test_cov85_scheduler_engine.py::TestParseDatetime::test_empty PASSED [ 78%]
tests/test_cov85_scheduler_engine.py::TestParseDatetime::test_valid PASSED [ 79%]
tests/test_cov85_scheduler_engine.py::TestParseDatetime::test_invalid PASSED [ 79%]
tests/test_cov85_scheduler_engine.py::TestParseRrule::test_basic PASSED  [ 79%]
tests/test_cov85_scheduler_engine.py::TestParseRrule::test_empty PASSED  [ 79%]
tests/test_cov85_scheduler_engine.py::TestParseRrule::test_no_equals PASSED [ 80%]
tests/test_cov85_scheduler_engine.py::TestScheduleTime::test_defaults PASSED [ 80%]
tests/test_cov85_scheduler_engine.py::TestScheduleTime::test_explicit PASSED [ 80%]
tests/test_cov85_scheduler_engine.py::TestTzinfo::test_utc PASSED        [ 80%]
tests/test_cov85_scheduler_engine.py::TestTzinfo::test_named PASSED      [ 81%]
tests/test_cov85_scheduler_engine.py::TestTzinfo::test_invalid PASSED    [ 81%]
tests/test_cov85_scheduler_engine.py::TestTzinfo::test_missing PASSED    [ 81%]
tests/test_cov85_scheduler_engine.py::TestNextRunAt::test_no_freq PASSED [ 81%]
tests/test_cov85_scheduler_engine.py::TestNextRunAt::test_daily_future PASSED [ 82%]
tests/test_cov85_scheduler_engine.py::TestNextRunAt::test_daily_past PASSED [ 82%]
tests/test_cov85_scheduler_engine.py::TestNextRunAt::test_weekly PASSED  [ 82%]
tests/test_cov85_scheduler_engine.py::TestNextRunAt::test_weekly_no_match PASSED [ 82%]
tests/test_cov85_scheduler_engine.py::TestNextRunAt::test_monthly PASSED [ 82%]
tests/test_cov85_scheduler_engine.py::TestNextRunAt::test_monthly_past_day PASSED [ 83%]
tests/test_cov85_scheduler_engine.py::TestNextRunAt::test_monthly_december_rollover PASSED [ 83%]
tests/test_cov85_scheduler_engine.py::TestNextRunAt::test_unknown_freq PASSED [ 83%]
tests/test_cov85_scheduler_engine.py::TestNextRunAt::test_with_timezone PASSED [ 83%]
tests/test_cov85_scheduler_engine.py::TestIsDue::test_disabled PASSED    [ 84%]
tests/test_cov85_scheduler_engine.py::TestIsDue::test_degraded PASSED    [ 84%]
tests/test_cov85_scheduler_engine.py::TestIsDue::test_no_freq PASSED     [ 84%]
tests/test_cov85_scheduler_engine.py::TestIsDue::test_daily_due PASSED   [ 84%]
tests/test_cov85_scheduler_engine.py::TestIsDue::test_daily_already_ran PASSED [ 85%]
tests/test_cov85_scheduler_engine.py::TestIsDue::test_daily_before_time PASSED [ 85%]
tests/test_cov85_scheduler_engine.py::TestIsDue::test_weekly_due PASSED  [ 85%]
tests/test_cov85_scheduler_engine.py::TestIsDue::test_monthly_due PASSED [ 85%]
tests/test_cov85_scheduler_engine.py::TestIsDue::test_monthly_before_day PASSED [ 85%]
tests/test_cov85_scheduler_engine.py::TestIsDue::test_monthly_january_rollback PASSED [ 86%]
tests/test_cov85_scheduler_engine.py::TestIsDue::test_gap_too_small PASSED [ 86%]
tests/test_cov85_scheduler_engine.py::TestIsDue::test_unknown_freq_in_is_due PASSED [ 86%]
tests/test_cov85_scheduler_engine.py::TestDueSchedules::test_empty PASSED [ 86%]
tests/test_cov85_scheduler_engine.py::TestDueSchedules::test_some_due PASSED [ 87%]
tests/test_cov85_scientist_coscientist.py::TestHypothesisGenerator::test_no_papers PASSED [ 87%]
tests/test_cov85_scientist_coscientist.py::TestHypothesisGenerator::test_with_papers PASSED [ 87%]
tests/test_cov85_scientist_coscientist.py::TestHypothesisGenerator::test_extract_entities PASSED [ 87%]
tests/test_cov85_scientist_coscientist.py::TestHypothesisGenerator::test_find_support PASSED [ 88%]
tests/test_cov85_scientist_coscientist.py::TestResearchQuestionDecomposer::test_decompose_mechanism PASSED [ 88%]
tests/test_cov85_scientist_coscientist.py::TestResearchQuestionDecomposer::test_decompose_effect PASSED [ 88%]
tests/test_cov85_scientist_coscientist.py::TestResearchQuestionDecomposer::test_decompose_generic PASSED [ 88%]
tests/test_cov85_scientist_coscientist.py::TestLiteratureGapAnalyzer::test_no_papers PASSED [ 89%]
tests/test_cov85_scientist_coscientist.py::TestLiteratureGapAnalyzer::test_with_papers PASSED [ 89%]
tests/test_cov85_scientist_coscientist.py::TestLiteratureGapAnalyzer::test_visualize_landscape PASSED [ 89%]
tests/test_cov85_scientist_coscientist.py::TestExperimentDesignerPro::test_design_basic PASSED [ 89%]
tests/test_cov85_scientist_coscientist.py::TestExperimentDesignerPro::test_design_with_variables PASSED [ 89%]
tests/test_cov85_scientist_coscientist.py::TestExperimentDesignerPro::test_timeline PASSED [ 90%]
tests/test_cov85_scientist_coscientist.py::TestExperimentDesignerPro::test_budget PASSED [ 90%]
tests/test_cov85_scientist_coscientist.py::TestHypothesisDebateSystem::test_debate PASSED [ 90%]
tests/test_cov85_scientist_coscientist.py::TestHypothesisDebateSystem::test_debate_one_round PASSED [ 90%]
tests/test_cov85_scientist_coscientist.py::TestResearchRoadmapGenerator::test_generate PASSED [ 91%]
tests/test_cov85_scientist_coscientist.py::TestFundingOpportunityMatcher::test_match PASSED [ 91%]
tests/test_cov85_scientist_coscientist.py::TestFundingOpportunityMatcher::test_match_empty PASSED [ 91%]
tests/test_cov85_scientist_coscientist.py::TestCollaboratorNetworkBuilder::test_build_network PASSED [ 91%]
tests/test_cov85_scientist_coscientist.py::TestResearchImpactPredictor::test_predict PASSED [ 92%]
tests/test_cov85_scientist_coscientist.py::TestResearchImpactPredictor::test_predict_empty PASSED [ 92%]
tests/test_cov85_scientist_coscientist.py::TestNoveltyScoreCalculator::test_initial PASSED [ 92%]
tests/test_cov85_scientist_coscientist.py::TestNoveltyScoreCalculator::test_with_seen_concepts PASSED [ 92%]
tests/test_cov85_scientist_coscientist.py::TestNoveltyScoreCalculator::test_novel_idea PASSED [ 92%]
tests/test_cov85_scientist_coscientist.py::TestFeasibilityAnalyzer::test_analyze PASSED [ 93%]
tests/test_cov85_scientist_coscientist.py::TestFeasibilityAnalyzer::test_analyze_empty PASSED [ 93%]
tests/test_cov85_scientist_coscientist.py::TestEthicsChecker::test_check_with_human_subjects PASSED [ 93%]
tests/test_cov85_scientist_coscientist.py::TestEthicsChecker::test_check_no_concerns PASSED [ 93%]
tests/test_cov85_scientist_coscientist.py::TestIRBDocumentGenerator::test_generate PASSED [ 94%]
tests/test_cov85_scientist_coscientist.py::TestTimelineOptimizer::test_optimize PASSED [ 94%]
tests/test_cov85_scientist_coscientist.py::TestLabResourceAllocator::test_allocate PASSED [ 94%]
tests/test_cov85_security_audit.py::test_log_action_and_hash_chain PASSED [ 94%]
tests/test_cov85_security_audit.py::test_log_data_access_writes_expected_payload PASSED [ 95%]
tests/test_cov85_security_audit.py::test_export_log_filters_by_datetime_range PASSED [ 95%]
tests/test_cov85_stages_extract_features.py::test_extract_immuno_onco_features_rct_and_clinical_and_causal PASSED [ 95%]
tests/test_cov85_stages_extract_features.py::test_extract_immuno_onco_features_other_paths PASSED [ 95%]
tests/test_cov85_stages_extract_features.py::test_extract_features_stage_wrapper_and_wrapped_entrypoint PASSED [ 96%]
tests/test_cov85_stages_extract_features.py::test_extract_features_wrapped_accepts_kwargs PASSED [ 96%]
tests/test_cov85_stat_verifier.py::test_verify_statistical_claim_collects_all_major_issues PASSED [ 96%]
tests/test_cov85_stat_verifier.py::test_verify_statistical_claim_handles_invalid_ranges_and_not_significant PASSED [ 96%]
tests/test_cov85_stat_verifier.py::test_verify_statistical_claim_valid_case PASSED [ 96%]
tests/test_cov85_storage_run_store_index.py::test_run_store_index_add_get_list_and_counts PASSED [ 97%]
tests/test_cov85_storage_run_store_index.py::test_run_store_index_search_filters PASSED [ 97%]
tests/test_cov85_submission_package_builder.py::test_is_ready_to_submit_uses_p6_checker PASSED [ 97%]
tests/test_cov85_submission_package_builder.py::test_build_submission_package_raises_if_run_missing PASSED [ 97%]
tests/test_cov85_submission_package_builder.py::test_build_submission_package_success PASSED [ 98%]
tests/test_cov85_submission_package_builder.py::test_run_single_check_covers_special_branches PASSED [ 98%]
tests/test_cov85_submission_package_builder.py::test_resolve_previous_files_with_zip PASSED [ 98%]
tests/test_cov85_submission_package_builder.py::test_find_previous_submission_dir PASSED [ 98%]
tests/test_cov85_submission_package_builder.py::test_build_diff_report_cleans_temp_dir PASSED [ 99%]
tests/test_cov85_submission_package_builder.py::test_build_zip_creates_blocked_archive PASSED [ 99%]
tests/test_cov85_workflows_engine.py::test_workflows_engine_discover_list_get_and_execute PASSED [ 99%]
tests/test_cov85_workflows_engine.py::test_workflows_engine_execute_missing_and_parse_without_frontmatter PASSED [ 99%]
tests/test_cov85_workflows_engine.py::test_workflows_parse_frontmatter_static_method PASSED [100%]

============================== warnings summary ===============================
jarvis_core\scheduler\schema.py:21
  C:\Users\kaneko yu\Documents\jarvis-work\jarvis-ml-pipeline\jarvis_core\scheduler\schema.py:21: PydanticDeprecatedSince20: Pydantic V1 style `@validator` validators are deprecated. You should migrate to Pydantic V2 style `@field_validator` validators, see the migration guide for more details. Deprecated in Pydantic V2.0 to be removed in V3.0. See Pydantic V2 Migration Guide at https://errors.pydantic.dev/2.12/migration/
    @validator("oa_policy")

tests/test_cov85_browser_subagent.py::TestCloseAndRecording::test_start_recording
tests/test_cov85_browser_subagent.py::TestCloseAndRecording::test_stop_recording_no_recorder
tests/test_cov85_browser_subagent.py::TestCloseAndRecording::test_stop_recording_with_recorder
  C:\Users\kaneko yu\Documents\jarvis-work\jarvis-ml-pipeline\jarvis_core\browser\recording.py:54: DeprecationWarning: datetime.datetime.utcnow() is deprecated and scheduled for removal in a future version. Use timezone-aware objects to represent datetimes in UTC: datetime.datetime.now(datetime.UTC).
    timestamp = datetime.utcnow().strftime("%Y%m%d%H%M%S")

tests/test_cov85_collaboration_comments.py::test_comment_store_add_list_and_mentions
tests/test_cov85_collaboration_comments.py::test_comment_store_resolve_and_missing_artifact
  C:\Users\kaneko yu\Documents\jarvis-work\jarvis-ml-pipeline\jarvis_core\collaboration\comments.py:53: DeprecationWarning: datetime.datetime.utcnow() is deprecated and scheduled for removal in a future version. Use timezone-aware objects to represent datetimes in UTC: datetime.datetime.now(datetime.UTC).
    created_at=datetime.utcnow().isoformat(),

tests/test_cov85_collaboration_versioning.py::test_version_history_save_list_restore_and_hash
tests/test_cov85_collaboration_versioning.py::test_version_history_save_list_restore_and_hash
tests/test_cov85_collaboration_versioning.py::test_version_history_restore_and_diff_errors_and_success
tests/test_cov85_collaboration_versioning.py::test_version_history_restore_and_diff_errors_and_success
  C:\Users\kaneko yu\Documents\jarvis-work\jarvis-ml-pipeline\jarvis_core\collaboration\versioning.py:36: DeprecationWarning: datetime.datetime.utcnow() is deprecated and scheduled for removal in a future version. Use timezone-aware objects to represent datetimes in UTC: datetime.datetime.now(datetime.UTC).
    timestamp=datetime.utcnow().isoformat(),

tests/test_cov85_metadata_normalize.py::test_audit_records_flags_conflict_and_summary
  C:\Users\kaneko yu\Documents\jarvis-work\jarvis-ml-pipeline\jarvis_core\metadata\normalize.py:30: DeprecationWarning: datetime.datetime.utcnow() is deprecated and scheduled for removal in a future version. Use timezone-aware objects to represent datetimes in UTC: datetime.datetime.now(datetime.UTC).
    current_year = datetime.utcnow().year

tests/test_cov85_orchestrator_agents_browser.py::TestBrowserAgentExecute::test_with_url_no_screenshot
tests/test_cov85_orchestrator_agents_browser.py::TestBrowserAgentExecute::test_with_recorder_frames
tests/test_cov85_orchestrator_agents_synthesis.py::TestSynthesizeAgent::test_single_high_evidence_paper
tests/test_cov85_orchestrator_agents_synthesis.py::TestSynthesizeAgent::test_moderate_evidence
  C:\Users\kaneko yu\AppData\Local\Programs\Python\Python312\Lib\unittest\mock.py:2188: RuntimeWarning: coroutine 'BrowserAgent.execute' was never awaited
    def __init__(self, name, parent):
  Enable tracemalloc to get traceback where the object was allocated.
  See https://docs.pytest.org/en/stable/how-to/capture-warnings.html#resource-warnings for more info.

tests/test_cov85_orchestrator_agents_synthesis.py::TestSynthesizeAgent::test_single_high_evidence_paper
tests/test_cov85_orchestrator_agents_synthesis.py::TestSynthesizeAgent::test_multiple_low_evidence_papers
tests/test_cov85_orchestrator_agents_synthesis.py::TestSynthesizeAgent::test_moderate_evidence
tests/test_cov85_orchestrator_agents_synthesis.py::TestSynthesizeAgent::test_contradictions_downgrade
tests/test_cov85_orchestrator_agents_synthesis.py::TestSynthesizeAgent::test_gaps_few_papers
tests/test_cov85_orchestrator_agents_synthesis.py::TestSynthesizeAgent::test_gaps_no_high_level
  C:\Users\kaneko yu\AppData\Local\Programs\Python\Python312\Lib\unittest\mock.py:2188: RuntimeWarning: coroutine 'EvidenceSynthesisAgent.synthesize' was never awaited
    def __init__(self, name, parent):
  Enable tracemalloc to get traceback where the object was allocated.
  See https://docs.pytest.org/en/stable/how-to/capture-warnings.html#resource-warnings for more info.

tests/test_cov85_pipelines_executor.py::test_pipeline_run_success_and_summary
tests/test_cov85_pipelines_executor.py::test_pipeline_run_stage_failure_and_provenance_failure
tests/test_cov85_pipelines_executor.py::test_execute_stage_outputs_for_dict_and_errors
tests/test_cov85_pipelines_executor.py::test_execute_stage_outputs_for_dict_and_errors
  C:\Users\kaneko yu\Documents\jarvis-work\jarvis-ml-pipeline\jarvis_core\contracts\types.py:90: DeprecationWarning: datetime.datetime.utcnow() is deprecated and scheduled for removal in a future version. Use timezone-aware objects to represent datetimes in UTC: datetime.datetime.now(datetime.UTC).
    timestamp: str = field(default_factory=lambda: datetime.utcnow().isoformat())

tests/test_cov85_pipelines_executor.py: 15 warnings
  C:\Users\kaneko yu\Documents\jarvis-work\jarvis-ml-pipeline\jarvis_core\contracts\types.py:334: DeprecationWarning: datetime.datetime.utcnow() is deprecated and scheduled for removal in a future version. Use timezone-aware objects to represent datetimes in UTC: datetime.datetime.now(datetime.UTC).
    self.logs.append(f"[{datetime.utcnow().isoformat()}] {message}")

tests/test_cov85_provenance_linker.py::TestProvenanceLinker::test_tokenize
  <frozen os>:707: RuntimeWarning: coroutine 'EvidenceSynthesisAgent.synthesize' was never awaited
  Enable tracemalloc to get traceback where the object was allocated.
  See https://docs.pytest.org/en/stable/how-to/capture-warnings.html#resource-warnings for more info.

tests/test_cov85_security_audit.py::test_log_action_and_hash_chain
tests/test_cov85_security_audit.py::test_log_action_and_hash_chain
tests/test_cov85_security_audit.py::test_log_data_access_writes_expected_payload
tests/test_cov85_security_audit.py::test_export_log_filters_by_datetime_range
  C:\Users\kaneko yu\Documents\jarvis-work\jarvis-ml-pipeline\jarvis_core\security\audit.py:64: DeprecationWarning: datetime.datetime.utcnow() is deprecated and scheduled for removal in a future version. Use timezone-aware objects to represent datetimes in UTC: datetime.datetime.now(datetime.UTC).
    timestamp = datetime.utcnow().isoformat()

-- Docs: https://docs.pytest.org/en/stable/how-to/capture-warnings.html
=========================== short test summary info ===========================
FAILED tests/test_cov85_evidence_llm_classifier.py::TestLLMBasedClassifier::test_parse_evidence_level
FAILED tests/test_cov85_orchestrator_agents_browser.py::TestBrowserAgentExecute::test_no_url
FAILED tests/test_cov85_orchestrator_agents_browser.py::TestBrowserAgentExecute::test_with_url_success
FAILED tests/test_cov85_orchestrator_agents_browser.py::TestBrowserAgentExecute::test_with_url_no_screenshot
FAILED tests/test_cov85_orchestrator_agents_browser.py::TestBrowserAgentExecute::test_with_recorder_frames
FAILED tests/test_cov85_orchestrator_agents_synthesis.py::TestSynthesizeAgent::test_no_papers
FAILED tests/test_cov85_orchestrator_agents_synthesis.py::TestSynthesizeAgent::test_single_high_evidence_paper
FAILED tests/test_cov85_orchestrator_agents_synthesis.py::TestSynthesizeAgent::test_multiple_low_evidence_papers
FAILED tests/test_cov85_orchestrator_agents_synthesis.py::TestSynthesizeAgent::test_moderate_evidence
FAILED tests/test_cov85_orchestrator_agents_synthesis.py::TestSynthesizeAgent::test_contradictions_downgrade
FAILED tests/test_cov85_orchestrator_agents_synthesis.py::TestSynthesizeAgent::test_gaps_few_papers
FAILED tests/test_cov85_orchestrator_agents_synthesis.py::TestSynthesizeAgent::test_gaps_no_high_level
=== 12 failed, 416 passed, 1 skipped, 6436 deselected, 45 warnings in 6.92s ===
