============================= test session starts =============================
platform win32 -- Python 3.12.3, pytest-9.0.2, pluggy-1.6.0 -- C:\Users\kaneko yu\AppData\Local\Programs\Python\Python312\python.exe
cachedir: .pytest_cache
rootdir: C:\Users\kaneko yu\Documents\jarvis-work\jarvis-ml-pipeline
configfile: pytest.ini (WARNING: ignoring pytest config in pyproject.toml!)
collecting ... collected 4821 items / 5 errors

=================================== ERRORS ====================================
__________ ERROR collecting tests/core/test_golden_path_advanced.py ___________
..\..\..\AppData\Local\Programs\Python\Python312\Lib\site-packages\_pytest\python.py:507: in importtestmodule
    mod = import_path(
..\..\..\AppData\Local\Programs\Python\Python312\Lib\site-packages\_pytest\pathlib.py:587: in import_path
    importlib.import_module(module_name)
..\..\..\AppData\Local\Programs\Python\Python312\Lib\importlib\__init__.py:90: in import_module
    return _bootstrap._gcd_import(name[level:], package, level)
           ^^^^^^^^^^^^^^^^^^^^^^^^^^^^^^^^^^^^^^^^^^^^^^^^^^^^
<frozen importlib._bootstrap>:1387: in _gcd_import
    ???
<frozen importlib._bootstrap>:1360: in _find_and_load
    ???
<frozen importlib._bootstrap>:1331: in _find_and_load_unlocked
    ???
<frozen importlib._bootstrap>:935: in _load_unlocked
    ???
..\..\..\AppData\Local\Programs\Python\Python312\Lib\site-packages\_pytest\assertion\rewrite.py:188: in exec_module
    source_stat, co = _rewrite_test(fn, self.config)
                      ^^^^^^^^^^^^^^^^^^^^^^^^^^^^^^
..\..\..\AppData\Local\Programs\Python\Python312\Lib\site-packages\_pytest\assertion\rewrite.py:357: in _rewrite_test
    tree = ast.parse(source, filename=strfn)
           ^^^^^^^^^^^^^^^^^^^^^^^^^^^^^^^^^
..\..\..\AppData\Local\Programs\Python\Python312\Lib\ast.py:52: in parse
    return compile(source, filename, mode, flags,
E     File "C:\Users\kaneko yu\Documents\jarvis-work\jarvis-ml-pipeline\tests\core\test_golden_path_advanced.py", line 27
E       assert "難度" in res["reason"] or "先行研究" in res["reason"] or "高コスチE in res["reason"]
E                                                                                       ^
E   SyntaxError: unterminated string literal (detected at line 27)
______________ ERROR collecting tests/test_feature_alignment.py _______________
ImportError while importing test module 'C:\Users\kaneko yu\Documents\jarvis-work\jarvis-ml-pipeline\tests\test_feature_alignment.py'.
Hint: make sure your test modules/packages have valid Python names.
Traceback:
..\..\..\AppData\Local\Programs\Python\Python312\Lib\site-packages\_pytest\python.py:507: in importtestmodule
    mod = import_path(
..\..\..\AppData\Local\Programs\Python\Python312\Lib\site-packages\_pytest\pathlib.py:587: in import_path
    importlib.import_module(module_name)
..\..\..\AppData\Local\Programs\Python\Python312\Lib\importlib\__init__.py:90: in import_module
    return _bootstrap._gcd_import(name[level:], package, level)
           ^^^^^^^^^^^^^^^^^^^^^^^^^^^^^^^^^^^^^^^^^^^^^^^^^^^^
<frozen importlib._bootstrap>:1387: in _gcd_import
    ???
<frozen importlib._bootstrap>:1360: in _find_and_load
    ???
<frozen importlib._bootstrap>:1331: in _find_and_load_unlocked
    ???
<frozen importlib._bootstrap>:935: in _load_unlocked
    ???
..\..\..\AppData\Local\Programs\Python\Python312\Lib\site-packages\_pytest\assertion\rewrite.py:197: in exec_module
    exec(co, module.__dict__)
tests\test_feature_alignment.py:7: in <module>
    from pipelines.tabular.io import load_train_test
pipelines\tabular\__init__.py:8: in <module>
    from .preprocess import create_preprocessor, fit_transform, transform
pipelines\tabular\preprocess.py:16: in <module>
    from sklearn.preprocessing import StandardScaler
E   ModuleNotFoundError: No module named 'sklearn'
______________ ERROR collecting tests/test_phase14_functional.py ______________
..\..\..\AppData\Local\Programs\Python\Python312\Lib\site-packages\_pytest\python.py:507: in importtestmodule
    mod = import_path(
..\..\..\AppData\Local\Programs\Python\Python312\Lib\site-packages\_pytest\pathlib.py:587: in import_path
    importlib.import_module(module_name)
..\..\..\AppData\Local\Programs\Python\Python312\Lib\importlib\__init__.py:90: in import_module
    return _bootstrap._gcd_import(name[level:], package, level)
           ^^^^^^^^^^^^^^^^^^^^^^^^^^^^^^^^^^^^^^^^^^^^^^^^^^^^
<frozen importlib._bootstrap>:1387: in _gcd_import
    ???
<frozen importlib._bootstrap>:1360: in _find_and_load
    ???
<frozen importlib._bootstrap>:1331: in _find_and_load_unlocked
    ???
<frozen importlib._bootstrap>:935: in _load_unlocked
    ???
..\..\..\AppData\Local\Programs\Python\Python312\Lib\site-packages\_pytest\assertion\rewrite.py:188: in exec_module
    source_stat, co = _rewrite_test(fn, self.config)
                      ^^^^^^^^^^^^^^^^^^^^^^^^^^^^^^
..\..\..\AppData\Local\Programs\Python\Python312\Lib\site-packages\_pytest\assertion\rewrite.py:357: in _rewrite_test
    tree = ast.parse(source, filename=strfn)
           ^^^^^^^^^^^^^^^^^^^^^^^^^^^^^^^^^
..\..\..\AppData\Local\Programs\Python\Python312\Lib\ast.py:52: in parse
    return compile(source, filename, mode, flags,
E     File "C:\Users\kaneko yu\Documents\jarvis-work\jarvis-ml-pipeline\tests\test_phase14_functional.py", line 269
E       assert "高校甁E in result
E              ^
E   SyntaxError: unterminated string literal (detected at line 269)
_________________ ERROR collecting tests/test_phase_omega.py __________________
..\\..\\..\\AppData\\Local\\Programs\\Python\\Python312\\Lib\\site-packages\\_pytest\\python.py:507: in importtestmodule\n    mod = import_path(\n..\\..\\..\\AppData\\Local\\Programs\\Python\\Python312\\Lib\\site-packages\\_pytest\\pathlib.py:587: in import_path\n    importlib.import_module(module_name)\n..\\..\\..\\AppData\\Local\\Programs\\Python\\Python312\\Lib\\importlib\\__init__.py:90: in import_module\n    return _bootstrap._gcd_import(name[level:], package, level)\n           ^^^^^^^^^^^^^^^^^^^^^^^^^^^^^^^^^^^^^^^^^^^^^^^^^^^^\n<frozen importlib._bootstrap>:1387: in _gcd_import\n    ???\n<frozen importlib._bootstrap>:1360: in _find_and_load\n    ???\n<frozen importlib._bootstrap>:1331: in _find_and_load_unlocked\n    ???\n<frozen importlib._bootstrap>:935: in _load_unlocked\n    ???\n..\\..\\..\\AppData\\Local\\Programs\\Python\\Python312\\Lib\\site-packages\\_pytest\\assertion\\rewrite.py:188: in exec_module\n    source_stat, co = _rewrite_test(fn, self.config)\n                      ^^^^^^^^^^^^^^^^^^^^^^^^^^^^^^\n..\\..\\..\\AppData\\Local\\Programs\\Python\\Python312\\Lib\\site-packages\\_pytest\\assertion\\rewrite.py:357: in _rewrite_test\n    tree = ast.parse(source, filename=strfn)\n           ^^^^^^^^^^^^^^^^^^^^^^^^^^^^^^^^^\n..\\..\\..\\AppData\\Local\\Programs\\Python\\Python312\\Lib\\ast.py:52: in parse\n    return compile(source, filename, mode, flags,\nE     File "C:\\Users\\kaneko yu\\Documents\\jarvis-work\\jarvis-ml-pipeline\\tests\\test_phase_omega.py", line 164\nE       result = {"alignment": 0.3, "novelty": 0.3, "risks": ["\u4e88\u5099\u30c1E\ufffdE\u30bf\u4e0d\u8db3"]}\nE                                                             ^^^^^^^^^\nE   SyntaxError: (unicode error) 'utf-8' codec can't decode byte 0x81 in position 10: invalid start byte
_________________ ERROR collecting tests/test_phase_sigma.py __________________
..\\..\\..\\AppData\\Local\\Programs\\Python\\Python312\\Lib\\site-packages\\_pytest\\python.py:507: in importtestmodule\n    mod = import_path(\n..\\..\\..\\AppData\\Local\\Programs\\Python\\Python312\\Lib\\site-packages\\_pytest\\pathlib.py:587: in import_path\n    importlib.import_module(module_name)\n..\\..\\..\\AppData\\Local\\Programs\\Python\\Python312\\Lib\\importlib\\__init__.py:90: in import_module\n    return _bootstrap._gcd_import(name[level:], package, level)\n           ^^^^^^^^^^^^^^^^^^^^^^^^^^^^^^^^^^^^^^^^^^^^^^^^^^^^\n<frozen importlib._bootstrap>:1387: in _gcd_import\n    ???\n<frozen importlib._bootstrap>:1360: in _find_and_load\n    ???\n<frozen importlib._bootstrap>:1331: in _find_and_load_unlocked\n    ???\n<frozen importlib._bootstrap>:935: in _load_unlocked\n    ???\n..\\..\\..\\AppData\\Local\\Programs\\Python\\Python312\\Lib\\site-packages\\_pytest\\assertion\\rewrite.py:188: in exec_module\n    source_stat, co = _rewrite_test(fn, self.config)\n                      ^^^^^^^^^^^^^^^^^^^^^^^^^^^^^^\n..\\..\\..\\AppData\\Local\\Programs\\Python\\Python312\\Lib\\site-packages\\_pytest\\assertion\\rewrite.py:357: in _rewrite_test\n    tree = ast.parse(source, filename=strfn)\n           ^^^^^^^^^^^^^^^^^^^^^^^^^^^^^^^^^\n..\\..\\..\\AppData\\Local\\Programs\\Python\\Python312\\Lib\\ast.py:52: in parse\n    return compile(source, filename, mode, flags,\nE     File "C:\\Users\\kaneko yu\\Documents\\jarvis-work\\jarvis-ml-pipeline\\tests\\test_phase_sigma.py", line 84\nE       """\u601d\u8001E\ufffdE\u4eee\u8aac\u7cfb (\u03a3-1\u301c\u03a3-7)."""\nE       ^^^^^^^^^^^^^^^^^^^^^^^\nE   SyntaxError: (unicode error) 'utf-8' codec can't decode byte 0x81 in position 7: invalid start byte
=========================== short test summary info ===========================
ERROR tests/core/test_golden_path_advanced.py
ERROR tests/test_feature_alignment.py
ERROR tests/test_phase14_functional.py
ERROR tests/test_phase_omega.py
ERROR tests/test_phase_sigma.py
!!!!!!!!!!!!!!!!!!!!!!!!!! stopping after 5 failures !!!!!!!!!!!!!!!!!!!!!!!!!!
============================== 5 errors in 3.51s ==============================
