============================= test session starts =============================
platform win32 -- Python 3.12.3, pytest-9.0.2, pluggy-1.6.0 -- C:\Users\kaneko yu\AppData\Local\Programs\Python\Python312\python.exe
cachedir: .pytest_cache
rootdir: C:\Users\kaneko yu\Documents\jarvis-work\jarvis-ml-pipeline
configfile: pytest.ini (WARNING: ignoring pytest config in pyproject.toml!)
collecting ... collected 5930 items / 10 errors / 1 skipped

=================================== ERRORS ====================================
__________ ERROR collecting tests/core/test_golden_path_advanced.py ___________
ImportError while importing test module 'C:\Users\kaneko yu\Documents\jarvis-work\jarvis-ml-pipeline\tests\core\test_golden_path_advanced.py'.
Hint: make sure your test modules/packages have valid Python names.
Traceback:
..\..\..\AppData\Local\Programs\Python\Python312\Lib\site-packages\_pytest\python.py:507: in importtestmodule
    mod = import_path(
..\..\..\AppData\Local\Programs\Python\Python312\Lib\site-packages\_pytest\pathlib.py:587: in import_path
    importlib.import_module(module_name)
..\..\..\AppData\Local\Programs\Python\Python312\Lib\importlib\__init__.py:90: in import_module
    return _bootstrap._gcd_import(name[level:], package, level)
           ^^^^^^^^^^^^^^^^^^^^^^^^^^^^^^^^^^^^^^^^^^^^^^^^^^^^
<frozen importlib._bootstrap>:1387: in _gcd_import
    ???
<frozen importlib._bootstrap>:1360: in _find_and_load
    ???
<frozen importlib._bootstrap>:1331: in _find_and_load_unlocked
    ???
<frozen importlib._bootstrap>:935: in _load_unlocked
    ???
..\..\..\AppData\Local\Programs\Python\Python312\Lib\site-packages\_pytest\assertion\rewrite.py:197: in exec_module
    exec(co, module.__dict__)
tests\core\test_golden_path_advanced.py:3: in <module>
    from jarvis_core.feasibility import score_feasibility
E   ModuleNotFoundError: No module named 'jarvis_core.feasibility'
______________ ERROR collecting tests/test_feature_alignment.py _______________
ImportError while importing test module 'C:\Users\kaneko yu\Documents\jarvis-work\jarvis-ml-pipeline\tests\test_feature_alignment.py'.
Hint: make sure your test modules/packages have valid Python names.
Traceback:
..\..\..\AppData\Local\Programs\Python\Python312\Lib\site-packages\_pytest\python.py:507: in importtestmodule
    mod = import_path(
..\..\..\AppData\Local\Programs\Python\Python312\Lib\site-packages\_pytest\pathlib.py:587: in import_path
    importlib.import_module(module_name)
..\..\..\AppData\Local\Programs\Python\Python312\Lib\importlib\__init__.py:90: in import_module
    return _bootstrap._gcd_import(name[level:], package, level)
           ^^^^^^^^^^^^^^^^^^^^^^^^^^^^^^^^^^^^^^^^^^^^^^^^^^^^
<frozen importlib._bootstrap>:1387: in _gcd_import
    ???
<frozen importlib._bootstrap>:1360: in _find_and_load
    ???
<frozen importlib._bootstrap>:1331: in _find_and_load_unlocked
    ???
<frozen importlib._bootstrap>:935: in _load_unlocked
    ???
..\..\..\AppData\Local\Programs\Python\Python312\Lib\site-packages\_pytest\assertion\rewrite.py:197: in exec_module
    exec(co, module.__dict__)
tests\test_feature_alignment.py:7: in <module>
    from pipelines.tabular.io import load_train_test
pipelines\tabular\__init__.py:8: in <module>
    from .preprocess import create_preprocessor, fit_transform, transform
pipelines\tabular\preprocess.py:16: in <module>
    from sklearn.preprocessing import StandardScaler
E   ModuleNotFoundError: No module named 'sklearn'
______________ ERROR collecting tests/test_phase_alpha_gamma.py _______________
ImportError while importing test module 'C:\Users\kaneko yu\Documents\jarvis-work\jarvis-ml-pipeline\tests\test_phase_alpha_gamma.py'.
Hint: make sure your test modules/packages have valid Python names.
Traceback:
..\..\..\AppData\Local\Programs\Python\Python312\Lib\site-packages\_pytest\python.py:507: in importtestmodule
    mod = import_path(
..\..\..\AppData\Local\Programs\Python\Python312\Lib\site-packages\_pytest\pathlib.py:587: in import_path
    importlib.import_module(module_name)
..\..\..\AppData\Local\Programs\Python\Python312\Lib\importlib\__init__.py:90: in import_module
    return _bootstrap._gcd_import(name[level:], package, level)
           ^^^^^^^^^^^^^^^^^^^^^^^^^^^^^^^^^^^^^^^^^^^^^^^^^^^^
<frozen importlib._bootstrap>:1387: in _gcd_import
    ???
<frozen importlib._bootstrap>:1360: in _find_and_load
    ???
<frozen importlib._bootstrap>:1331: in _find_and_load_unlocked
    ???
<frozen importlib._bootstrap>:935: in _load_unlocked
    ???
..\..\..\AppData\Local\Programs\Python\Python312\Lib\site-packages\_pytest\assertion\rewrite.py:197: in exec_module
    exec(co, module.__dict__)
tests\test_phase_alpha_gamma.py:8: in <module>
    from jarvis_core.competing_hypothesis import generate_competing_hypotheses
E   ModuleNotFoundError: No module named 'jarvis_core.competing_hypothesis'
_________________ ERROR collecting tests/test_phase_lambda.py _________________
ImportError while importing test module 'C:\Users\kaneko yu\Documents\jarvis-work\jarvis-ml-pipeline\tests\test_phase_lambda.py'.
Hint: make sure your test modules/packages have valid Python names.
Traceback:
..\..\..\AppData\Local\Programs\Python\Python312\Lib\site-packages\_pytest\python.py:507: in importtestmodule
    mod = import_path(
..\..\..\AppData\Local\Programs\Python\Python312\Lib\site-packages\_pytest\pathlib.py:587: in import_path
    importlib.import_module(module_name)
..\..\..\AppData\Local\Programs\Python\Python312\Lib\importlib\__init__.py:90: in import_module
    return _bootstrap._gcd_import(name[level:], package, level)
           ^^^^^^^^^^^^^^^^^^^^^^^^^^^^^^^^^^^^^^^^^^^^^^^^^^^^
<frozen importlib._bootstrap>:1387: in _gcd_import
    ???
<frozen importlib._bootstrap>:1360: in _find_and_load
    ???
<frozen importlib._bootstrap>:1331: in _find_and_load_unlocked
    ???
<frozen importlib._bootstrap>:935: in _load_unlocked
    ???
..\..\..\AppData\Local\Programs\Python\Python312\Lib\site-packages\_pytest\assertion\rewrite.py:197: in exec_module
    exec(co, module.__dict__)
tests\test_phase_lambda.py:6: in <module>
    from jarvis_core.lambda_modules import (
E   ModuleNotFoundError: No module named 'jarvis_core.lambda_modules'
_________________ ERROR collecting tests/test_phase_omega.py __________________
ImportError while importing test module 'C:\Users\kaneko yu\Documents\jarvis-work\jarvis-ml-pipeline\tests\test_phase_omega.py'.
Hint: make sure your test modules/packages have valid Python names.
Traceback:
..\..\..\AppData\Local\Programs\Python\Python312\Lib\site-packages\_pytest\python.py:507: in importtestmodule
    mod = import_path(
..\..\..\AppData\Local\Programs\Python\Python312\Lib\site-packages\_pytest\pathlib.py:587: in import_path
    importlib.import_module(module_name)
..\..\..\AppData\Local\Programs\Python\Python312\Lib\importlib\__init__.py:90: in import_module
    return _bootstrap._gcd_import(name[level:], package, level)
           ^^^^^^^^^^^^^^^^^^^^^^^^^^^^^^^^^^^^^^^^^^^^^^^^^^^^
<frozen importlib._bootstrap>:1387: in _gcd_import
    ???
<frozen importlib._bootstrap>:1360: in _find_and_load
    ???
<frozen importlib._bootstrap>:1331: in _find_and_load_unlocked
    ???
<frozen importlib._bootstrap>:935: in _load_unlocked
    ???
..\..\..\AppData\Local\Programs\Python\Python312\Lib\site-packages\_pytest\assertion\rewrite.py:197: in exec_module
    exec(co, module.__dict__)
tests\test_phase_omega.py:8: in <module>
    from jarvis_core.career_planner import plan_career_strategy
E   ModuleNotFoundError: No module named 'jarvis_core.career_planner'
__________________ ERROR collecting tests/test_phase_psi.py ___________________
ImportError while importing test module 'C:\Users\kaneko yu\Documents\jarvis-work\jarvis-ml-pipeline\tests\test_phase_psi.py'.
Hint: make sure your test modules/packages have valid Python names.
Traceback:
..\..\..\AppData\Local\Programs\Python\Python312\Lib\site-packages\_pytest\python.py:507: in importtestmodule
    mod = import_path(
..\..\..\AppData\Local\Programs\Python\Python312\Lib\site-packages\_pytest\pathlib.py:587: in import_path
    importlib.import_module(module_name)
..\..\..\AppData\Local\Programs\Python\Python312\Lib\importlib\__init__.py:90: in import_module
    return _bootstrap._gcd_import(name[level:], package, level)
           ^^^^^^^^^^^^^^^^^^^^^^^^^^^^^^^^^^^^^^^^^^^^^^^^^^^^
<frozen importlib._bootstrap>:1387: in _gcd_import
    ???
<frozen importlib._bootstrap>:1360: in _find_and_load
    ???
<frozen importlib._bootstrap>:1331: in _find_and_load_unlocked
    ???
<frozen importlib._bootstrap>:935: in _load_unlocked
    ???
..\..\..\AppData\Local\Programs\Python\Python312\Lib\site-packages\_pytest\assertion\rewrite.py:197: in exec_module
    exec(co, module.__dict__)
tests\test_phase_psi.py:6: in <module>
    from jarvis_core.career_engines import (
E   ModuleNotFoundError: No module named 'jarvis_core.career_engines'
_________________ ERROR collecting tests/test_phase_sigma.py __________________
ImportError while importing test module 'C:\Users\kaneko yu\Documents\jarvis-work\jarvis-ml-pipeline\tests\test_phase_sigma.py'.
Hint: make sure your test modules/packages have valid Python names.
Traceback:
..\..\..\AppData\Local\Programs\Python\Python312\Lib\site-packages\_pytest\python.py:507: in importtestmodule
    mod = import_path(
..\..\..\AppData\Local\Programs\Python\Python312\Lib\site-packages\_pytest\pathlib.py:587: in import_path
    importlib.import_module(module_name)
..\..\..\AppData\Local\Programs\Python\Python312\Lib\importlib\__init__.py:90: in import_module
    return _bootstrap._gcd_import(name[level:], package, level)
           ^^^^^^^^^^^^^^^^^^^^^^^^^^^^^^^^^^^^^^^^^^^^^^^^^^^^
<frozen importlib._bootstrap>:1387: in _gcd_import
    ???
<frozen importlib._bootstrap>:1360: in _find_and_load
    ???
<frozen importlib._bootstrap>:1331: in _find_and_load_unlocked
    ???
<frozen importlib._bootstrap>:935: in _load_unlocked
    ???
..\..\..\AppData\Local\Programs\Python\Python312\Lib\site-packages\_pytest\assertion\rewrite.py:197: in exec_module
    exec(co, module.__dict__)
tests\test_phase_sigma.py:15: in <module>
    from jarvis_core.sigma_modules import (
E   ModuleNotFoundError: No module named 'jarvis_core.sigma_modules'
___________________ ERROR collecting tests/test_rp29_37.py ____________________
ImportError while importing test module 'C:\Users\kaneko yu\Documents\jarvis-work\jarvis-ml-pipeline\tests\test_rp29_37.py'.
Hint: make sure your test modules/packages have valid Python names.
Traceback:
..\..\..\AppData\Local\Programs\Python\Python312\Lib\site-packages\_pytest\python.py:507: in importtestmodule
    mod = import_path(
..\..\..\AppData\Local\Programs\Python\Python312\Lib\site-packages\_pytest\pathlib.py:587: in import_path
    importlib.import_module(module_name)
..\..\..\AppData\Local\Programs\Python\Python312\Lib\importlib\__init__.py:90: in import_module
    return _bootstrap._gcd_import(name[level:], package, level)
           ^^^^^^^^^^^^^^^^^^^^^^^^^^^^^^^^^^^^^^^^^^^^^^^^^^^^
<frozen importlib._bootstrap>:1387: in _gcd_import
    ???
<frozen importlib._bootstrap>:1360: in _find_and_load
    ???
<frozen importlib._bootstrap>:1331: in _find_and_load_unlocked
    ???
<frozen importlib._bootstrap>:935: in _load_unlocked
    ???
..\..\..\AppData\Local\Programs\Python\Python312\Lib\site-packages\_pytest\assertion\rewrite.py:197: in exec_module
    exec(co, module.__dict__)
tests\test_rp29_37.py:7: in <module>
    from jarvis_core.education import translate_for_level
E   ModuleNotFoundError: No module named 'jarvis_core.education'
______________ ERROR collecting tests/test_submission_format.py _______________
ImportError while importing test module 'C:\Users\kaneko yu\Documents\jarvis-work\jarvis-ml-pipeline\tests\test_submission_format.py'.
Hint: make sure your test modules/packages have valid Python names.
Traceback:
..\..\..\AppData\Local\Programs\Python\Python312\Lib\site-packages\_pytest\python.py:507: in importtestmodule
    mod = import_path(
..\..\..\AppData\Local\Programs\Python\Python312\Lib\site-packages\_pytest\pathlib.py:587: in import_path
    importlib.import_module(module_name)
..\..\..\AppData\Local\Programs\Python\Python312\Lib\importlib\__init__.py:90: in import_module
    return _bootstrap._gcd_import(name[level:], package, level)
           ^^^^^^^^^^^^^^^^^^^^^^^^^^^^^^^^^^^^^^^^^^^^^^^^^^^^
<frozen importlib._bootstrap>:1387: in _gcd_import
    ???
<frozen importlib._bootstrap>:1360: in _find_and_load
    ???
<frozen importlib._bootstrap>:1331: in _find_and_load_unlocked
    ???
<frozen importlib._bootstrap>:935: in _load_unlocked
    ???
..\..\..\AppData\Local\Programs\Python\Python312\Lib\site-packages\_pytest\assertion\rewrite.py:197: in exec_module
    exec(co, module.__dict__)
tests\test_submission_format.py:7: in <module>
    from pipelines.tabular.submission import make_submission, validate_submission
pipelines\tabular\__init__.py:8: in <module>
    from .preprocess import create_preprocessor, fit_transform, transform
pipelines\tabular\preprocess.py:16: in <module>
    from sklearn.preprocessing import StandardScaler
E   ModuleNotFoundError: No module named 'sklearn'
___________________ ERROR collecting tests/test_timeline.py ___________________
ImportError while importing test module 'C:\Users\kaneko yu\Documents\jarvis-work\jarvis-ml-pipeline\tests\test_timeline.py'.
Hint: make sure your test modules/packages have valid Python names.
Traceback:
..\..\..\AppData\Local\Programs\Python\Python312\Lib\site-packages\_pytest\python.py:507: in importtestmodule
    mod = import_path(
..\..\..\AppData\Local\Programs\Python\Python312\Lib\site-packages\_pytest\pathlib.py:587: in import_path
    importlib.import_module(module_name)
..\..\..\AppData\Local\Programs\Python\Python312\Lib\importlib\__init__.py:90: in import_module
    return _bootstrap._gcd_import(name[level:], package, level)
           ^^^^^^^^^^^^^^^^^^^^^^^^^^^^^^^^^^^^^^^^^^^^^^^^^^^^
<frozen importlib._bootstrap>:1387: in _gcd_import
    ???
<frozen importlib._bootstrap>:1360: in _find_and_load
    ???
<frozen importlib._bootstrap>:1331: in _find_and_load_unlocked
    ???
<frozen importlib._bootstrap>:935: in _load_unlocked
    ???
..\..\..\AppData\Local\Programs\Python\Python312\Lib\site-packages\_pytest\assertion\rewrite.py:197: in exec_module
    exec(co, module.__dict__)
tests\test_timeline.py:5: in <module>
    from jarvis_core.timeline import (
E   ModuleNotFoundError: No module named 'jarvis_core.timeline'
=========================== short test summary info ===========================
ERROR tests/core/test_golden_path_advanced.py
ERROR tests/test_feature_alignment.py
ERROR tests/test_phase_alpha_gamma.py
ERROR tests/test_phase_lambda.py
ERROR tests/test_phase_omega.py
ERROR tests/test_phase_psi.py
ERROR tests/test_phase_sigma.py
ERROR tests/test_rp29_37.py
ERROR tests/test_submission_format.py
ERROR tests/test_timeline.py
!!!!!!!!!!!!!!!!!! Interrupted: 10 errors during collection !!!!!!!!!!!!!!!!!!!
======================== 1 skipped, 10 errors in 5.84s ========================
